Falalalala lala la la
Falalalala lala la la
Falalalala lala la la
Falalalala lala la la
Falalalala lala la la
Falalalala lala la la
Falalalala lala la la
Falalalala lala la la
Falalalala lala la la
Falalalala lala la la
 

